
> stiven-arifaj-portfolio@0.1.0 build
> next build

node.exe :  ÔÜá 
Warning: Next.js 
inferred your workspace 
root, but it may not be 
correct.
At C:\Users\stive\AppDat
a\Roaming\npm\npm.ps1:24
 char:5
+     & "node$exe"  "$ba
sedir/node_modules/npm/b
in/npm-cli.js" $args
+     ~~~~~~~~~~~~~~~~~~
~~~~~~~~~~~~~~~~~~~~~~~~
~~~~~~~~~~~~~~~~~~~~
    + CategoryInfo      
        : NotSpecified  
  : ( ÔÜá Warning: N.   
 ..not be correct.:S    
tring) [], RemoteEx    
ception
    + FullyQualifiedErr 
   orId : NativeComman  
  dError
 
 We detected multiple 
lockfiles and selected 
the directory of C:\User
s\stive\pnpm-lock.yaml 
as the root directory.
 To silence this 
warning, set 
`turbopack.root` in 
your Next.js config, or 
consider removing one 
of the lockfiles if 
it's not needed.
   See https://nextjs.or
g/docs/app/api-reference
/config/next-config-js/t
urbopack#root-directory 
for more information.
 Detected additional 
lockfiles: 
   * C:\Users\stive\Down
loads\Stiven_Arifaj_Port
folio\stiven-arifaj-port
folio\package-lock.json

   Ôû▓ Next.js 16.0.7 (Turbopack)

   Creating an optimized production build ...
Error: Cannot apply 
unknown utility class 
`border-border`. Are 
you using CSS modules 
or similar and missing 
`@reference`? https://ta
ilwindcss.com/docs/funct
ions-and-directives#refe
rence-directive
    [2m[at 
onInvalidCandidate (C:\U
sers\stive\Downloads\Sti
ven_Arifaj_Portfolio\sti
ven-arifaj-portfolio\nod
e_modules\tailwindcss\di
st\lib.js:21:1314)][0m
    [2m[at Te (C:\Users
\stive\Downloads\Stiven_
Arifaj_Portfolio\stiven-
arifaj-portfolio\node_mo
dules\tailwindcss\dist\l
ib.js:16:36364)][0m
    [2m[at C:\Users\sti
ve\Downloads\Stiven_Arif
aj_Portfolio\stiven-arif
aj-portfolio\node_module
s\tailwindcss\dist\lib.j
s:21:355][0m
    [2m[at Tr (C:\Users
\stive\Downloads\Stiven_
Arifaj_Portfolio\stiven-
arifaj-portfolio\node_mo
dules\tailwindcss\dist\l
ib.js:3:1718)][0m
    [2m[at _ (C:\Users\
stive\Downloads\Stiven_A
rifaj_Portfolio\stiven-a
rifaj-portfolio\node_mod
ules\tailwindcss\dist\li
b.js:3:1377)][0m
    [2m[at Se (C:\Users
\stive\Downloads\Stiven_
Arifaj_Portfolio\stiven-
arifaj-portfolio\node_mo
dules\tailwindcss\dist\l
ib.js:21:172)][0m
    [2m[at ln (C:\Users
\stive\Downloads\Stiven_
Arifaj_Portfolio\stiven-
arifaj-portfolio\node_mo
dules\tailwindcss\dist\l
ib.js:38:294)][0m
    [2m[at process.proc
essTicksAndRejections (n
ode:internal/process/tas
k_queues:105:5)][0m
    [2m[at async sn (C:
\Users\stive\Downloads\S
tiven_Arifaj_Portfolio\s
tiven-arifaj-portfolio\n
ode_modules\tailwindcss\
dist\lib.js:38:631)][0m
    [2m[at async Qr (C:
\Users\stive\Downloads\S
tiven_Arifaj_Portfolio\s
tiven-arifaj-portfolio\n
ode_modules\@tailwindcss
\node\dist\index.js:10:3
385)][0m

> Build error occurred
Error: Turbopack build 
failed with 3 errors:
./Downloads/Stiven_Arifa
j_Portfolio/stiven-arifa
j-portfolio/app/globals.
css
Error evaluating 
Node.js code
CssSyntaxError: 
tailwindcss: C:\Users\st
ive\Downloads\Stiven_Ari
faj_Portfolio\stiven-ari
faj-portfolio\app\global
s.css:1:1: Cannot apply 
unknown utility class 
`border-border`. Are 
you using CSS modules 
or similar and missing 
`@reference`? https://ta
ilwindcss.com/docs/funct
ions-and-directives#refe
rence-directive
    at Input.error (Down
loads/Stiven_Arifaj_Port
folio/stiven-arifaj-port
folio/node_modules/postc
ss/lib/input.js:135:16) 
[C:\Users\stive\Download
s\Stiven_Arifaj_Portfoli
o\stiven-arifaj-portfoli
o\.next\build\chunks\ac0
dd_95192276._.js:4651:22
]
    at Root.error (Downl
oads/Stiven_Arifaj_Portf
olio/stiven-arifaj-portf
olio/node_modules/postcs
s/lib/node.js:146:32) [C
:\Users\stive\Downloads\
Stiven_Arifaj_Portfolio\
stiven-arifaj-portfolio\
.next\build\chunks\ac0dd
_95192276._.js:928:38]
    [at Object.Once (C:\
Users\stive\Downloads\St
iven_Arifaj_Portfolio\st
iven-arifaj-portfolio\no
de_modules\@tailwindcss\
postcss\dist\index.js:10
:6912)]
    [at process.processT
icksAndRejections (node:
internal/process/task_qu
eues:105:5)]
    at async 
LazyResult.runAsync (Dow
nloads/Stiven_Arifaj_Por
tfolio/stiven-arifaj-por
tfolio/node_modules/post
css/lib/lazy-result.js:2
93:11) [C:\Users\stive\D
ownloads\Stiven_Arifaj_P
ortfolio\stiven-arifaj-p
ortfolio\.next\build\chu
nks\ac0dd_95192276._.js:
6206:21]
    at async transform (
turbopack:///[turbopack-
node]/transforms/postcss
.ts:70:34) [C:\Users\sti
ve\Downloads\Stiven_Arif
aj_Portfolio\stiven-arif
aj-portfolio\.next\build
\chunks\[root-of-the-ser
ver]__bb838577._.js:146:
36]
    at async run (turbop
ack:///[turbopack-node]/
ipc/evaluate.ts:92:23) [
C:\Users\stive\Downloads
\Stiven_Arifaj_Portfolio
\stiven-arifaj-portfolio
\.next\build\chunks\[roo
t-of-the-server]__e53114
dc._.js:443:31]

Import trace:
  Client Component 
Browser:
    ./Downloads/Stiven_A
rifaj_Portfolio/stiven-a
rifaj-portfolio/app/glob
als.css [Client 
Component Browser]
    ./Downloads/Stiven_A
rifaj_Portfolio/stiven-a
rifaj-portfolio/app/layo
ut.tsx [Server 
Component]


./Downloads/Stiven_Arifa
j_Portfolio/stiven-arifa
j-portfolio/components/s
ections/Projects.tsx:2:1
Export WaveBackground 
doesn't exist in target 
module
[0m [90m 1 |[39m 
[32m"use 
client"[39m[33m;[39m
[31m[1m>[22m[39m[90
m 2 |[39m 
[36mimport[39m { [33m
WaveBackground[39m } 
[36mfrom[39m [32m"@/c
omponents/ui/wave-backgr
ound"[39m[33m;[39m
 [90m   |[39m [31m[1
m^[22m[39m[31m[1m^[
22m[39m[31m[1m^[22m
[39m[31m[1m^[22m[39m
[31m[1m^[22m[39m[31
m[1m^[22m[39m[31m[1
m^[22m[39m[31m[1m^[
22m[39m[31m[1m^[22m
[39m[31m[1m^[22m[39m
[31m[1m^[22m[39m[31
m[1m^[22m[39m[31m[1
m^[22m[39m[31m[1m^[
22m[39m[31m[1m^[22m
[39m[31m[1m^[22m[39m
[31m[1m^[22m[39m[31
m[1m^[22m[39m[31m[1
m^[22m[39m[31m[1m^[
22m[39m[31m[1m^[22m
[39m[31m[1m^[22m[39m
[31m[1m^[22m[39m[31
m[1m^[22m[39m[31m[1
m^[22m[39m[31m[1m^[
22m[39m[31m[1m^[22m
[39m[31m[1m^[22m[39m
[31m[1m^[22m[39m[31
m[1m^[22m[39m[31m[1
m^[22m[39m[31m[1m^[
22m[39m[31m[1m^[22m
[39m[31m[1m^[22m[39m
[31m[1m^[22m[39m[31
m[1m^[22m[39m[31m[1
m^[22m[39m[31m[1m^[
22m[39m[31m[1m^[22m
[39m[31m[1m^[22m[39m
[31m[1m^[22m[39m[31
m[1m^[22m[39m[31m[1
m^[22m[39m[31m[1m^[
22m[39m[31m[1m^[22m
[39m[31m[1m^[22m[39m
[31m[1m^[22m[39m[31
m[1m^[22m[39m[31m[1
m^[22m[39m[31m[1m^[
22m[39m[31m[1m^[22m
[39m[31m[1m^[22m[39m
[31m[1m^[22m[39m[31
m[1m^[22m[39m[31m[1
m^[22m[39m[31m[1m^[
22m[39m[31m[1m^[22m
[39m[31m[1m^[22m[39m
[31m[1m^[22m[39m[31
m[1m^[22m[39m[31m[1
m^[22m[39m[31m[1m^[
22m[39m[31m[1m^[22m
[39m[31m[1m^[22m[39m
[31m[1m^[22m[39m
 [90m 3 |[39m 
[36mimport[39m { 
[33mProjectCard[39m } 
[36mfrom[39m [32m"@/c
omponents/ui/ProjectCard
"[39m[33m;[39m
 [90m 4 |[39m 
[36mimport[39m { 
projects } 
[36mfrom[39m [32m"@/l
ib/projects-data"[39m[
33m;[39m
 [90m 5 |[39m 
[36mimport[39m { 
motion } [36mfrom[39m 
[32m"framer-motion"[39
m[33m;[39m[0m

The export 
WaveBackground was not 
found in module [project
]/Downloads/Stiven_Arifa
j_Portfolio/stiven-arifa
j-portfolio/components/u
i/wave-background.tsx 
[app-client] 
(ecmascript).
Did you mean to import 
Waves?
All exports of the 
module are statically 
known (It doesn't have 
dynamic exports). So 
it's known statically 
that the requested 
export doesn't exist.

Import trace:
  Server Component:
    ./Downloads/Stiven_A
rifaj_Portfolio/stiven-a
rifaj-portfolio/componen
ts/sections/Projects.tsx
    ./Downloads/Stiven_A
rifaj_Portfolio/stiven-a
rifaj-portfolio/app/page
.tsx


./Downloads/Stiven_Arifa
j_Portfolio/stiven-arifa
j-portfolio/components/s
ections/Projects.tsx:2:1
Export WaveBackground 
doesn't exist in target 
module
[0m [90m 1 |[39m 
[32m"use 
client"[39m[33m;[39m
[31m[1m>[22m[39m[90
m 2 |[39m 
[36mimport[39m { [33m
WaveBackground[39m } 
[36mfrom[39m [32m"@/c
omponents/ui/wave-backgr
ound"[39m[33m;[39m
 [90m   |[39m [31m[1
m^[22m[39m[31m[1m^[
22m[39m[31m[1m^[22m
[39m[31m[1m^[22m[39m
[31m[1m^[22m[39m[31
m[1m^[22m[39m[31m[1
m^[22m[39m[31m[1m^[
22m[39m[31m[1m^[22m
[39m[31m[1m^[22m[39m
[31m[1m^[22m[39m[31
m[1m^[22m[39m[31m[1
m^[22m[39m[31m[1m^[
22m[39m[31m[1m^[22m
[39m[31m[1m^[22m[39m
[31m[1m^[22m[39m[31
m[1m^[22m[39m[31m[1
m^[22m[39m[31m[1m^[
22m[39m[31m[1m^[22m
[39m[31m[1m^[22m[39m
[31m[1m^[22m[39m[31
m[1m^[22m[39m[31m[1
m^[22m[39m[31m[1m^[
22m[39m[31m[1m^[22m
[39m[31m[1m^[22m[39m
[31m[1m^[22m[39m[31
m[1m^[22m[39m[31m[1
m^[22m[39m[31m[1m^[
22m[39m[31m[1m^[22m
[39m[31m[1m^[22m[39m
[31m[1m^[22m[39m[31
m[1m^[22m[39m[31m[1
m^[22m[39m[31m[1m^[
22m[39m[31m[1m^[22m
[39m[31m[1m^[22m[39m
[31m[1m^[22m[39m[31
m[1m^[22m[39m[31m[1
m^[22m[39m[31m[1m^[
22m[39m[31m[1m^[22m
[39m[31m[1m^[22m[39m
[31m[1m^[22m[39m[31
m[1m^[22m[39m[31m[1
m^[22m[39m[31m[1m^[
22m[39m[31m[1m^[22m
[39m[31m[1m^[22m[39m
[31m[1m^[22m[39m[31
m[1m^[22m[39m[31m[1
m^[22m[39m[31m[1m^[
22m[39m[31m[1m^[22m
[39m[31m[1m^[22m[39m
[31m[1m^[22m[39m[31
m[1m^[22m[39m[31m[1
m^[22m[39m[31m[1m^[
22m[39m[31m[1m^[22m
[39m[31m[1m^[22m[39m
[31m[1m^[22m[39m
 [90m 3 |[39m 
[36mimport[39m { 
[33mProjectCard[39m } 
[36mfrom[39m [32m"@/c
omponents/ui/ProjectCard
"[39m[33m;[39m
 [90m 4 |[39m 
[36mimport[39m { 
projects } 
[36mfrom[39m [32m"@/l
ib/projects-data"[39m[
33m;[39m
 [90m 5 |[39m 
[36mimport[39m { 
motion } [36mfrom[39m 
[32m"framer-motion"[39
m[33m;[39m[0m

The export 
WaveBackground was not 
found in module [project
]/Downloads/Stiven_Arifa
j_Portfolio/stiven-arifa
j-portfolio/components/u
i/wave-background.tsx 
[app-ssr] (ecmascript).
Did you mean to import 
Waves?
All exports of the 
module are statically 
known (It doesn't have 
dynamic exports). So 
it's known statically 
that the requested 
export doesn't exist.

Import trace:
  Server Component:
    ./Downloads/Stiven_A
rifaj_Portfolio/stiven-a
rifaj-portfolio/componen
ts/sections/Projects.tsx
    ./Downloads/Stiven_A
rifaj_Portfolio/stiven-a
rifaj-portfolio/app/page
.tsx


    at async transform (
turbopack:///[turbopack-
node]/transforms/postcss
.ts:70:34) [C:\Users\sti
ve\Downloads\Stiven_Arif
aj_Portfolio\stiven-arif
aj-portfolio\.next\build
\chunks\[root-of-the-ser
ver]__bb838577._.js:146:
36])
    at async run (turbop
ack:///[turbopack-node]/
ipc/evaluate.ts:92:23) [
C:\Users\stive\Downloads
\Stiven_Arifaj_Portfolio
\stiven-arifaj-portfolio
\.next\build\chunks\[roo
t-of-the-server]__e53114
dc._.js:443:31])
    at <unknown> (./Down
loads/Stiven_Arifaj_Port
folio/stiven-arifaj-port
folio/components/section
s/Projects.tsx:2:1)
    at <unknown> (./Down
loads/Stiven_Arifaj_Port
folio/stiven-arifaj-port
folio/components/section
s/Projects.tsx:2:1)
